// Jest Snapshot v1, https://goo.gl/fbAQLP

exports[`should render NotFoundPage correctly 1`] = `
<Fragment>
  <PageHeading
    title="404"
  />
  <Link
    replace={false}
    to="/"
  >
    Go home
  </Link>
</Fragment>
`;
